#batteryCapacity:6000;;
#steerLimits:0;;
#kl:0;;
#kl:30;;
#instant:1;;
#battery:1;;
#imu:1;;
#resourceMonitor:1;;
#speed:200;;
#steer:200;;
#steer:250;;
#speed:500;;
#steer:200;;
#speed:200;;
#steer:200;;
#speed:200;;
#steer:250;;
#speed:479;;
#steer:200;;
#speed:200;;
#steer:200;;
#speed:200;;
#steer:200;;
#speed:200;;
#steer:201;;
#speed:201;;
#steer:250;;
#speed:454;;
#steer:200;;
#speed:200;;
#steer:200;;
#speed:200;;
#steer:200;;
#speed:200;;
#steer:250;;
#speed:500;;
#steer:250;;
#speed:326;;
#steer:250;;
#speed:481;;
#steer:250;;
#speed:407;;
#steer:200;;
#speed:200;;
#steer:200;;
#speed:200;;
#steer:200;;
#speed:200;;
#steer:200;;
#speed:200;;
#steer:200;;
#speed:200;;
#steer:200;;
#speed:200;;
#steer:200;;
#speed:200;;
#steer:200;;
#speed:200;;
#steer:200;;
#speed:200;;
#steer:200;;
#speed:200;;
#steer:200;;
#speed:200;;
#steer:200;;
#speed:200;;
#steer:200;;
#speed:200;;
#steer:200;;
#speed:200;;
#steer:250;;
#speed:394;;
#steer:200;;
#speed:200;;
#steer:200;;
#speed:200;;
#steer:200;;
#speed:200;;
#steer:200;;
#speed:200;;
#steer:200;;
#speed:200;;
#steer:200;;
#speed:200;;
#steer:200;;
#speed:200;;
#steer:200;;
#speed:200;;
#steer:200;;
#speed:200;;
#steer:200;;
#speed:200;;
#steer:200;;
#speed:200;;
#steer:200;;
#speed:200;;
#steer:219;;
#speed:219;;
#steer:246;;
#speed:246;;
#steer:250;;
#speed:278;;
#steer:250;;
#speed:278;;
#steer:250;;
#speed:283;;
#steer:250;;
#speed:349;;
#steer:250;;
#speed:410;;
#steer:250;;
#speed:490;;
#steer:250;;
#speed:500;;
#steer:250;;
#speed:500;;
#steer:250;;
#speed:500;;
#steer:250;;
#speed:279;;
#steer:250;;
#speed:286;;
#steer:250;;
#speed:381;;
#steer:250;;
#speed:499;;
#steer:250;;
#speed:500;;
#steer:200;;
#speed:200;;
#steer:200;;
#speed:200;;
#steer:200;;
#speed:200;;
#steer:250;;
#speed:356;;
#steer:200;;
#speed:200;;
#steer:250;;
#speed:500;;
#steer:200;;
#speed:200;;
#steer:201;;
#speed:201;;
#steer:200;;
#speed:200;;
#steer:200;;
#speed:200;;
#steer:250;;
#speed:465;;
#steer:200;;
#speed:200;;
#steer:250;;
#speed:500;;
#steer:200;;
#speed:200;;
#steer:200;;
#speed:200;;
#steer:200;;
#speed:200;;
#steer:200;;
#speed:200;;
#steer:200;;
#speed:200;;
#steer:200;;
#speed:200;;
#steer:200;;
#speed:200;;
#steer:200;;
#speed:200;;
#steer:200;;
#speed:200;;
#steer:200;;
#speed:200;;
#steer:200;;
#speed:200;;
#steer:200;;
#speed:200;;
#steer:200;;
#speed:200;;
#steer:250;;
#speed:500;;
#steer:250;;
#speed:486;;
#steer:223;;
#speed:223;;
#steer:200;;
#speed:200;;
#steer:250;;
#speed:482;;
#steer:200;;
#speed:200;;
#steer:200;;
#speed:200;;
#steer:200;;
#speed:200;;
#steer:200;;
#speed:200;;
#steer:200;;
#speed:200;;
#steer:200;;
#speed:200;;
#steer:200;;
#speed:200;;
#steer:200;;
#speed:200;;
#steer:200;;
#speed:200;;
#steer:200;;
#speed:200;;
#steer:200;;
#speed:200;;
#steer:201;;
#speed:201;;
#steer:224;;
#speed:224;;
#steer:250;;
#speed:251;;
#steer:250;;
#speed:328;;
#steer:250;;
#speed:380;;
#steer:250;;
#speed:452;;
#steer:250;;
#speed:472;;
#steer:250;;
#speed:490;;
#steer:250;;
#speed:500;;
#steer:250;;
#speed:499;;
#steer:250;;
#speed:498;;
#steer:250;;
#speed:494;;
#steer:250;;
#speed:368;;
#steer:250;;
#speed:407;;
#steer:250;;
#speed:464;;
#steer:250;;
#speed:500;;
#steer:250;;
#speed:464;;
#steer:250;;
#speed:304;;
#steer:200;;
#speed:200;;
#steer:200;;
#speed:200;;
#steer:200;;
#speed:200;;
#steer:200;;
#speed:200;;
#steer:200;;
#speed:200;;
#steer:200;;
#speed:200;;
#steer:250;;
#speed:500;;
#steer:250;;
#speed:500;;
#steer:200;;
#speed:200;;
#steer:250;;
#speed:499;;
#steer:228;;
#speed:228;;
#steer:200;;
#speed:200;;
#steer:200;;
#speed:200;;
#steer:200;;
#speed:200;;
#steer:200;;
#speed:200;;
#steer:200;;
#speed:200;;
#steer:200;;
#speed:200;;
#steer:200;;
#speed:200;;
#steer:200;;
#speed:200;;
#steer:200;;
#speed:200;;
#steer:200;;
#speed:200;;
#steer:200;;
#speed:200;;
#steer:200;;
#speed:200;;
#steer:200;;
#speed:200;;
#steer:200;;
#speed:200;;
#steer:200;;
#speed:200;;
#steer:200;;
#speed:200;;
#steer:200;;
#speed:200;;
#steer:200;;
#speed:200;;
#steer:200;;
#speed:200;;
#steer:200;;
#speed:200;;
#steer:200;;
#speed:200;;
#steer:200;;
#speed:200;;
#steer:200;;
#speed:200;;
#steer:200;;
#speed:200;;
#steer:243;;
#speed:243;;
#steer:200;;
#speed:200;;
#steer:200;;
#speed:200;;
#steer:200;;
#speed:200;;
#steer:200;;
#speed:200;;
#steer:200;;
#speed:200;;
#steer:250;;
#speed:267;;
#steer:200;;
#speed:200;;
#steer:200;;
#speed:200;;
#steer:200;;
#speed:200;;
#steer:200;;
#speed:200;;
#steer:200;;
#speed:200;;
#steer:200;;
#speed:200;;
#steer:200;;
#speed:200;;
#steer:200;;
#speed:200;;
#steer:200;;
#speed:200;;
#steer:200;;
#speed:200;;
#steer:200;;
#speed:200;;
#steer:200;;
#speed:200;;
#steer:220;;
#speed:220;;
#steer:222;;
#speed:222;;
#steer:233;;
#speed:233;;
#steer:250;;
#speed:280;;
#steer:250;;
#speed:292;;
#steer:250;;
#speed:309;;
#steer:250;;
#speed:341;;
#steer:250;;
#speed:362;;
#steer:250;;
#speed:425;;
#steer:250;;
#speed:476;;
#steer:250;;
#speed:500;;
#steer:250;;
#speed:500;;
#steer:250;;
#speed:500;;
#steer:250;;
#speed:479;;
#steer:250;;
#speed:454;;
#steer:250;;
#speed:468;;
#steer:200;;
#speed:200;;
#steer:250;;
#speed:441;;
#steer:250;;
#speed:500;;
#steer:200;;
#speed:200;;
#steer:212;;
#speed:212;;
#steer:218;;
#speed:218;;
#steer:250;;
#speed:471;;
#speed:494;;
#steer:250;;
#steer:200;;
#speed:200;;
#steer:200;;
#speed:200;;
#steer:200;;
#speed:200;;
#steer:200;;
#speed:200;;
#steer:200;;
#speed:200;;
#steer:200;;
#speed:200;;
#steer:200;;
#speed:200;;
#steer:200;;
#speed:200;;
#steer:200;;
#speed:200;;
#steer:200;;
#speed:200;;
#steer:200;;
#speed:200;;
#steer:200;;
#speed:200;;
#steer:200;;
#speed:200;;
#steer:200;;
#speed:200;;
#steer:200;;
#speed:200;;
#steer:200;;
#speed:200;;
#steer:200;;
#speed:200;;
#steer:200;;
#speed:200;;
#steer:200;;
#speed:200;;
#speed:200;;
#steer:200;;
#steer:200;;
#speed:200;;
#steer:200;;
#speed:200;;
#steer:200;;
#speed:200;;
#steer:200;;
#speed:200;;
#steer:200;;
#speed:200;;
#steer:200;;
#speed:200;;
#steer:200;;
#speed:200;;
#steer:200;;
#speed:200;;
#steer:200;;
#speed:200;;
#steer:200;;
#speed:200;;
#steer:200;;
#speed:200;;
#steer:200;;
#speed:200;;
#steer:200;;
#speed:200;;
#steer:200;;
#speed:200;;
#steer:200;;
#speed:200;;
#steer:218;;
#speed:218;;
#steer:220;;
#speed:220;;
#steer:203;;
#speed:203;;
#steer:231;;
#speed:231;;
#steer:237;;
#speed:237;;
#steer:250;;
#speed:271;;
#steer:250;;
#speed:280;;
#steer:250;;
#speed:302;;
#steer:250;;
#speed:342;;
#steer:250;;
#speed:397;;
#steer:250;;
#speed:446;;
#steer:250;;
#speed:496;;
#steer:250;;
#speed:500;;
#steer:250;;
#speed:500;;
#steer:250;;
#speed:499;;
#steer:250;;
#speed:458;;
#steer:230;;
#speed:230;;
#steer:250;;
#speed:384;;
#steer:250;;
#speed:500;;
#steer:200;;
#speed:200;;
#steer:200;;
#speed:200;;
#steer:200;;
#speed:200;;
#steer:250;;
#speed:353;;
#steer:250;;
#speed:472;;
#steer:250;;
#speed:427;;
#steer:200;;
#speed:200;;
#steer:200;;
#speed:200;;
#steer:200;;
#speed:200;;
#steer:200;;
#speed:200;;
#steer:200;;
#speed:200;;
#steer:200;;
#speed:200;;
#steer:200;;
#speed:200;;
#steer:200;;
#speed:200;;
#steer:200;;
#speed:200;;
#steer:200;;
#speed:200;;
#steer:200;;
#speed:200;;
#steer:200;;
#speed:200;;
#steer:200;;
#speed:200;;
#steer:200;;
#speed:200;;
#steer:200;;
#speed:200;;
#steer:200;;
#speed:200;;
#steer:200;;
#speed:200;;
#steer:200;;
#speed:200;;
#steer:200;;
#speed:200;;
#steer:250;;
#speed:272;;
#steer:200;;
#speed:200;;
#steer:200;;
#speed:200;;
#steer:200;;
#speed:200;;
#steer:200;;
#speed:200;;
#steer:200;;
#speed:200;;
#steer:250;;
#speed:500;;
#steer:200;;
#speed:200;;
#steer:250;;
#speed:307;;
#steer:200;;
#speed:200;;
#steer:250;;
#speed:468;;
#steer:250;;
